==================== CN-6 generation ====================
Loading weights:   0%|          | 0/272 [00:00<?, ?it/s]Loading weights: 100%|██████████| 272/272 [00:00<00:00, 8054.52it/s]
The new embeddings will be initialized from a multivariate normal distribution that has old embeddings' mean and covariance. As described in this article: https://nlp.stanford.edu/~johnhew/vocab-expansion.html. To disable this, use `mean_resizing=False`
== CN-6 generation on mps | trainable 70,794,432 ==
  train sequences: 13061
  step   50/6000  spec-loss 1.6912  (16s)
  step  100/6000  spec-loss 1.3233  (25s)
  step  150/6000  spec-loss 1.3092  (34s)
  step  200/6000  spec-loss 1.2986  (43s)
  step  250/6000  spec-loss 1.2580  (53s)
  step  300/6000  spec-loss 1.2553  (63s)
  step  350/6000  spec-loss 1.2532  (73s)
  step  400/6000  spec-loss 1.2427  (83s)
  step  450/6000  spec-loss 1.2454  (93s)
  step  500/6000  spec-loss 1.2503  (103s)
  step  550/6000  spec-loss 1.2380  (113s)
  step  600/6000  spec-loss 1.2397  (123s)
  step  650/6000  spec-loss 1.2179  (133s)
  step  700/6000  spec-loss 1.2343  (143s)
  step  750/6000  spec-loss 1.2378  (153s)
  step  800/6000  spec-loss 1.2173  (162s)
  step  850/6000  spec-loss 1.2226  (173s)
  step  900/6000  spec-loss 1.2187  (183s)
  step  950/6000  spec-loss 1.2186  (193s)
  step 1000/6000  spec-loss 1.1946  (204s)
  step 1050/6000  spec-loss 1.2138  (215s)
  step 1100/6000  spec-loss 1.2220  (227s)
  step 1150/6000  spec-loss 1.1949  (240s)
  step 1200/6000  spec-loss 1.1959  (255s)
  step 1250/6000  spec-loss 1.2150  (272s)
  step 1300/6000  spec-loss 1.1962  (291s)
  step 1350/6000  spec-loss 1.1961  (312s)
  step 1400/6000  spec-loss 1.1875  (336s)
  step 1450/6000  spec-loss 1.1909  (365s)
  step 1500/6000  spec-loss 1.1888  (393s)
  step 1550/6000  spec-loss 1.2012  (416s)
  step 1600/6000  spec-loss 1.1939  (436s)
  step 1650/6000  spec-loss 1.2015  (454s)
  step 1700/6000  spec-loss 1.1793  (471s)
  step 1750/6000  spec-loss 1.1741  (486s)
  step 1800/6000  spec-loss 1.1676  (501s)
  step 1850/6000  spec-loss 1.1695  (515s)
  step 1900/6000  spec-loss 1.1868  (529s)
  step 1950/6000  spec-loss 1.1702  (542s)
  step 2000/6000  spec-loss 1.1732  (555s)
  step 2050/6000  spec-loss 1.1741  (567s)
  step 2100/6000  spec-loss 1.1787  (579s)
  step 2150/6000  spec-loss 1.1698  (591s)
  step 2200/6000  spec-loss 1.1653  (603s)
  step 2250/6000  spec-loss 1.1993  (616s)
  step 2300/6000  spec-loss 1.1656  (629s)
  step 2350/6000  spec-loss 1.1597  (640s)
  step 2400/6000  spec-loss 1.1741  (652s)
  step 2450/6000  spec-loss 1.1588  (663s)
  step 2500/6000  spec-loss 1.1577  (675s)
  step 2550/6000  spec-loss 1.1444  (686s)
  step 2600/6000  spec-loss 1.1503  (697s)
  step 2650/6000  spec-loss 1.1449  (709s)
  step 2700/6000  spec-loss 1.1569  (720s)
  step 2750/6000  spec-loss 1.1573  (731s)
  step 2800/6000  spec-loss 1.1384  (743s)
  step 2850/6000  spec-loss 1.1300  (753s)
  step 2900/6000  spec-loss 1.1433  (764s)
  step 2950/6000  spec-loss 1.1294  (776s)
  step 3000/6000  spec-loss 1.1366  (788s)
  step 3050/6000  spec-loss 1.1235  (799s)
  step 3100/6000  spec-loss 1.1514  (811s)
  step 3150/6000  spec-loss 1.1319  (823s)
  step 3200/6000  spec-loss 1.1532  (835s)
  step 3250/6000  spec-loss 1.1425  (848s)
  step 3300/6000  spec-loss 1.1265  (862s)
  step 3350/6000  spec-loss 1.0888  (875s)
  step 3400/6000  spec-loss 1.1034  (890s)
  step 3450/6000  spec-loss 1.1065  (904s)
  step 3500/6000  spec-loss 1.1095  (919s)
  step 3550/6000  spec-loss 1.0954  (934s)
  step 3600/6000  spec-loss 1.1145  (949s)
  step 3650/6000  spec-loss 1.1069  (965s)
  step 3700/6000  spec-loss 1.1067  (980s)
  step 3750/6000  spec-loss 1.0972  (996s)
  step 3800/6000  spec-loss 1.1026  (1012s)
  step 3850/6000  spec-loss 1.1000  (1028s)
  step 3900/6000  spec-loss 1.0979  (1043s)
  step 3950/6000  spec-loss 1.1341  (1060s)
  step 4000/6000  spec-loss 1.0914  (1076s)
  step 4050/6000  spec-loss 1.0892  (1093s)
  step 4100/6000  spec-loss 1.0698  (1109s)
  step 4150/6000  spec-loss 1.0341  (1126s)
  step 4200/6000  spec-loss 1.0320  (1142s)
  step 4250/6000  spec-loss 1.0459  (1159s)
  step 4300/6000  spec-loss 1.0368  (1176s)
  step 4350/6000  spec-loss 1.0227  (1193s)
  step 4400/6000  spec-loss 1.0338  (1210s)
  step 4450/6000  spec-loss 1.0419  (1227s)
  step 4500/6000  spec-loss 1.0262  (1244s)
  step 4550/6000  spec-loss 1.0584  (1261s)
  step 4600/6000  spec-loss 1.0425  (1278s)
  step 4650/6000  spec-loss 1.0409  (1295s)
  step 4700/6000  spec-loss 1.0265  (1312s)
  step 4750/6000  spec-loss 1.0318  (1329s)
  step 4800/6000  spec-loss 1.0439  (1345s)
  step 4850/6000  spec-loss 1.0343  (1362s)
  step 4900/6000  spec-loss 1.0387  (1379s)
  step 4950/6000  spec-loss 0.9547  (1396s)
  step 5000/6000  spec-loss 0.9334  (1413s)
  step 5050/6000  spec-loss 0.9380  (1430s)
  step 5100/6000  spec-loss 0.9370  (1446s)
  step 5150/6000  spec-loss 0.9367  (1463s)
  step 5200/6000  spec-loss 0.9388  (1479s)
  step 5250/6000  spec-loss 0.9428  (1496s)
  step 5300/6000  spec-loss 0.9414  (1512s)
  step 5350/6000  spec-loss 0.9326  (1528s)
  step 5400/6000  spec-loss 0.9327  (1544s)
  step 5450/6000  spec-loss 0.9482  (1561s)
  step 5500/6000  spec-loss 0.9315  (1577s)
  step 5550/6000  spec-loss 0.9482  (1593s)
  step 5600/6000  spec-loss 0.9436  (1609s)
  step 5650/6000  spec-loss 0.9503  (1625s)
  step 5700/6000  spec-loss 0.9449  (1641s)
  step 5750/6000  spec-loss 0.8976  (1657s)
  step 5800/6000  spec-loss 0.8702  (1673s)
  step 5850/6000  spec-loss 0.8474  (1689s)
  step 5900/6000  spec-loss 0.8727  (1705s)
  step 5950/6000  spec-loss 0.8492  (1721s)
  step 6000/6000  spec-loss 0.8471  (1736s)
saved cn6_ckpt_generation.pt (1737s)
OK: generation
==================== CN-6 extraction ====================
Loading weights:   0%|          | 0/272 [00:00<?, ?it/s]Loading weights: 100%|██████████| 272/272 [00:00<00:00, 8983.71it/s]
The new embeddings will be initialized from a multivariate normal distribution that has old embeddings' mean and covariance. As described in this article: https://nlp.stanford.edu/~johnhew/vocab-expansion.html. To disable this, use `mean_resizing=False`
== CN-6 extraction on mps | trainable 70,794,432 ==
  train sequences: 9222
  step   50/6000  spec-loss 0.2899  (25s)
  step  100/6000  spec-loss 0.0019  (45s)
  step  150/6000  spec-loss 0.0016  (65s)
  step  200/6000  spec-loss 0.0003  (84s)
  step  250/6000  spec-loss 0.0002  (104s)
  step  300/6000  spec-loss 0.0001  (124s)
  step  350/6000  spec-loss 0.0001  (144s)
  step  400/6000  spec-loss 0.0001  (163s)
  step  450/6000  spec-loss 0.0001  (183s)
  step  500/6000  spec-loss 0.0000  (203s)
  step  550/6000  spec-loss 0.0000  (222s)
  step  600/6000  spec-loss 0.0057  (242s)
  step  650/6000  spec-loss 0.0015  (262s)
  step  700/6000  spec-loss 0.0008  (281s)
  step  750/6000  spec-loss 0.0005  (301s)
  step  800/6000  spec-loss 0.0022  (322s)
  step  850/6000  spec-loss 0.0001  (342s)
  step  900/6000  spec-loss 0.0001  (362s)
  step  950/6000  spec-loss 0.0001  (382s)
  step 1000/6000  spec-loss 0.0000  (403s)
  step 1050/6000  spec-loss 0.0000  (423s)
  step 1100/6000  spec-loss 0.0000  (443s)
  step 1150/6000  spec-loss 0.0002  (463s)
  step 1200/6000  spec-loss 0.0000  (483s)
  step 1250/6000  spec-loss 0.0000  (503s)
  step 1300/6000  spec-loss 0.0003  (523s)
  step 1350/6000  spec-loss 0.0001  (543s)
  step 1400/6000  spec-loss 0.0001  (563s)
  step 1450/6000  spec-loss 0.0004  (583s)
  step 1500/6000  spec-loss 0.0000  (603s)
  step 1550/6000  spec-loss 0.0002  (623s)
  step 1600/6000  spec-loss 0.0001  (642s)
  step 1650/6000  spec-loss 0.0000  (662s)
  step 1700/6000  spec-loss 0.0002  (682s)
  step 1750/6000  spec-loss 0.0002  (702s)
  step 1800/6000  spec-loss 0.0000  (722s)
  step 1850/6000  spec-loss 0.0001  (742s)
  step 1900/6000  spec-loss 0.0004  (762s)
  step 1950/6000  spec-loss 0.0000  (782s)
  step 2000/6000  spec-loss 0.0002  (801s)
  step 2050/6000  spec-loss 0.0003  (821s)
  step 2100/6000  spec-loss 0.0000  (841s)
  step 2150/6000  spec-loss 0.0000  (861s)
  step 2200/6000  spec-loss 0.0000  (881s)
  step 2250/6000  spec-loss 0.0000  (901s)
  step 2300/6000  spec-loss 0.0000  (920s)
  step 2350/6000  spec-loss 0.0000  (940s)
  step 2400/6000  spec-loss 0.0000  (960s)
  step 2450/6000  spec-loss 0.0000  (979s)
  step 2500/6000  spec-loss 0.0000  (999s)
  step 2550/6000  spec-loss 0.0000  (1019s)
  step 2600/6000  spec-loss 0.0000  (1039s)
  step 2650/6000  spec-loss 0.0000  (1059s)
  step 2700/6000  spec-loss 0.0000  (1079s)
  step 2750/6000  spec-loss 0.0000  (1099s)
  step 2800/6000  spec-loss 0.0000  (1119s)
  step 2850/6000  spec-loss 0.0000  (1139s)
  step 2900/6000  spec-loss 0.0000  (1159s)
  step 2950/6000  spec-loss 0.0000  (1179s)
  step 3000/6000  spec-loss 0.0000  (1199s)
  step 3050/6000  spec-loss 0.0000  (1219s)
  step 3100/6000  spec-loss 0.0000  (1238s)
  step 3150/6000  spec-loss 0.0000  (1258s)
  step 3200/6000  spec-loss 0.0000  (1278s)
  step 3250/6000  spec-loss 0.0000  (1297s)
  step 3300/6000  spec-loss 0.0000  (1317s)
  step 3350/6000  spec-loss 0.0000  (1337s)
  step 3400/6000  spec-loss 0.0000  (1356s)
  step 3450/6000  spec-loss 0.0000  (1376s)
  step 3500/6000  spec-loss 0.0000  (1395s)
  step 3550/6000  spec-loss 0.0000  (1415s)
  step 3600/6000  spec-loss 0.0000  (1434s)
  step 3650/6000  spec-loss 0.0000  (1454s)
  step 3700/6000  spec-loss 0.0000  (1474s)
  step 3750/6000  spec-loss 0.0000  (1493s)
  step 3800/6000  spec-loss 0.0000  (1513s)
  step 3850/6000  spec-loss 0.0000  (1532s)
  step 3900/6000  spec-loss 0.0000  (1552s)
  step 3950/6000  spec-loss 0.0000  (1571s)
  step 4000/6000  spec-loss 0.0000  (1591s)
  step 4050/6000  spec-loss 0.0000  (1611s)
  step 4100/6000  spec-loss 0.0000  (1630s)
  step 4150/6000  spec-loss 0.0000  (1650s)
  step 4200/6000  spec-loss 0.0000  (1669s)
  step 4250/6000  spec-loss 0.0000  (1689s)
  step 4300/6000  spec-loss 0.0000  (1709s)
  step 4350/6000  spec-loss 0.0000  (1728s)
  step 4400/6000  spec-loss 0.0000  (1748s)
  step 4450/6000  spec-loss 0.0000  (1767s)
  step 4500/6000  spec-loss 0.0000  (1787s)
  step 4550/6000  spec-loss 0.0000  (1806s)
  step 4600/6000  spec-loss 0.0000  (1825s)
  step 4650/6000  spec-loss 0.0000  (1845s)
  step 4700/6000  spec-loss 0.0000  (1864s)
  step 4750/6000  spec-loss 0.0000  (1884s)
  step 4800/6000  spec-loss 0.0000  (1903s)
  step 4850/6000  spec-loss 0.0000  (1925s)
  step 4900/6000  spec-loss 0.0000  (1946s)
  step 4950/6000  spec-loss 0.0000  (1970s)
  step 5000/6000  spec-loss 0.0000  (1995s)
  step 5050/6000  spec-loss 0.0000  (2023s)
  step 5100/6000  spec-loss 0.0000  (2052s)
  step 5150/6000  spec-loss 0.0000  (2077s)
  step 5200/6000  spec-loss 0.0000  (2101s)
  step 5250/6000  spec-loss 0.0000  (2125s)
  step 5300/6000  spec-loss 0.0000  (2148s)
  step 5350/6000  spec-loss 0.0000  (2169s)
  step 5400/6000  spec-loss 0.0000  (2188s)
  step 5450/6000  spec-loss 0.0000  (2207s)
  step 5500/6000  spec-loss 0.0000  (2226s)
  step 5550/6000  spec-loss 0.0000  (2244s)
  step 5600/6000  spec-loss 0.0000  (2261s)
  step 5650/6000  spec-loss 0.0000  (2279s)
  step 5700/6000  spec-loss 0.0000  (2296s)
  step 5750/6000  spec-loss 0.0000  (2314s)
  step 5800/6000  spec-loss 0.0000  (2331s)
  step 5850/6000  spec-loss 0.0000  (2348s)
  step 5900/6000  spec-loss 0.0000  (2365s)
  step 5950/6000  spec-loss 0.0000  (2382s)
  step 6000/6000  spec-loss 0.0000  (2399s)
saved cn6_ckpt_extraction.pt (2400s)
OK: extraction
done
