  substrate: cn7_ckpt_midtrain.pt (midtrained v11, SP space)
  apply_delta_clamped              [within] parsed  34  signed   1  yield 0.029  null 0.029  excess +0.000
  between_exclusive                [within] parsed  34  signed   2  yield 0.059  null 0.076  excess -0.017
  clamp_i16                        [within] parsed  35  signed   6  yield 0.171  null 0.036  excess +0.136
  crc16_step                       [beyond] parsed  36  signed   0  yield 0.000  null 0.009  excess -0.009
  eq                               [within] parsed  36  signed   7  yield 0.194  null 0.219  excess -0.025
  fnv1a_step                       [beyond] parsed  36  signed   1  yield 0.028  null 0.012  excess +0.015
  geom_circle_circumference_approx [beyond] parsed  36  signed   1  yield 0.028  null 0.002  excess +0.025
  is_lt_i16                        [within] parsed  36  signed  14  yield 0.389  null 0.492  excess -0.103
  isqrt                            [within] parsed  45  signed   1  yield 0.022  null 0.037  excess -0.014
  jacobi_symbol                    [beyond] parsed  45  signed   0  yield 0.000  null 0.000  excess +0.000
  luhn_check                       [beyond] parsed  45  signed  13  yield 0.289  null 0.326  excess -0.038
  mask_clear                       [beyond] parsed  36  signed   2  yield 0.056  null 0.069  excess -0.014
  mask_has_all                     [beyond] parsed  36  signed  13  yield 0.361  null 0.364  excess -0.003
  mask_overlap_count               [beyond] parsed  45  signed  12  yield 0.267  null 0.267  excess +0.000
  median3                          [within] parsed  27  signed   2  yield 0.074  null 0.049  excess +0.025
  mobius_function                  [beyond] parsed  45  signed  20  yield 0.444  null 0.382  excess +0.063
  norm2_sq                         [beyond] parsed  36  signed   0  yield 0.000  null 0.000  excess +0.000
  permille                         [beyond] parsed  36  signed   1  yield 0.028  null 0.003  excess +0.025
  permille_to_byte                 [beyond] parsed  45  signed   6  yield 0.133  null 0.126  excess +0.007
  pow_small                        [beyond] parsed  29  signed   3  yield 0.103  null 0.065  excess +0.038
  snap_down                        [within] parsed  36  signed   2  yield 0.056  null 0.065  excess -0.009
  square                           [within] parsed  36  signed   0  yield 0.000  null 0.000  excess +0.000
  swap_bytes                       [beyond] parsed  44  signed   0  yield 0.000  null 0.000  excess +0.000
  zscore_q8                        [beyond] parsed  36  signed   7  yield 0.194  null 0.194  excess +0.000

CN-7.0 yield — substrate v11:cn7_ckpt_midtrain | greedy + 8 samples @ T=0.7 per cell
  within  (9 cells): signed 35/319 parsed  ->  per-pair yield 0.110 [0.080,0.149]  null 0.112  EXCESS -0.002
  beyond  (15 cells): signed 79/586 parsed  ->  per-pair yield 0.135 [0.110,0.165]  null 0.128  EXCESS +0.007
saved cn7_0_yield_v11_mid_nulled.json
