== CN-7.2 midtrain (full) on mps | vocab 72053 | trainable 115,555,328 ==
  rows: train 139654 | P-e val slice 500
  pre-midtrain TinyStories val NLL: 1.6994  (P-e bound: 1.7843)
  step    100 (0.11M tok)  loss 3.5704  [s1:3.522  s2:3.969  s3:4.348  s4:1.677]  (39s)
  step    200 (0.20M tok)  loss 1.8276  [s1:1.485  s2:1.908  s3:2.968  s4:1.712]  (64s)
  step    300 (0.29M tok)  loss 1.5790  [s1:1.272  s2:1.258  s3:2.251  s4:1.736]  (91s)
  step    400 (0.37M tok)  loss 1.2577  [s1:1.076  s2:0.904  s3:2.056  s4:1.731]  (114s)
  step    500 (0.45M tok)  loss 1.2159  [s1:1.047  s2:0.739  s3:1.852  s4:1.706]  (138s)
  step    600 (0.54M tok)  loss 1.1997  [s1:1.067  s2:0.650  s3:1.704  s4:1.717]  (1064s)
  step    700 (0.62M tok)  loss 1.2188  [s1:1.116  s2:0.608  s3:1.577  s4:1.760]  (1993s)
  step    800 (0.70M tok)  loss 1.1864  [s1:1.055  s2:0.569  s3:1.659  s4:1.718]  (2920s)
  step    900 (0.80M tok)  loss 1.1109  [s1:0.994  s2:0.513  s3:1.506  s4:1.716]  (4776s)
  step   1000 (0.89M tok)  loss 1.1040  [s1:0.982  s2:0.445  s3:1.438  s4:1.765]  (5350s)
  step   1100 (0.97M tok)  loss 1.0450  [s1:0.959  s2:0.413  s3:1.476  s4:1.712]  (5383s)
  step   1200 (1.05M tok)  loss 1.1923  [s1:1.045  s2:0.404  s3:1.548  s4:1.712]  (5424s)
  step   1300 (1.14M tok)  loss 1.0216  [s1:0.921  s2:0.404  s3:1.403  s4:1.716]  (5470s)
  step   1400 (1.23M tok)  loss 1.0490  [s1:0.908  s2:0.402  s3:1.561  s4:1.701]  (5531s)
  step   1500 (1.32M tok)  loss 1.0275  [s1:0.980  s2:0.397  s3:1.447  s4:1.647]  (5565s)
  step   1600 (1.41M tok)  loss 0.9864  [s1:0.868  s2:0.403  s3:1.399  s4:1.681]  (5608s)
  step   1700 (1.50M tok)  loss 1.0343  [s1:0.944  s2:0.398  s3:1.278  s4:1.696]  (5652s)
  step   1800 (1.60M tok)  loss 1.0754  [s1:0.950  s2:0.392  s3:1.336  s4:1.683]  (5736s)
  step   1900 (1.68M tok)  loss 1.0140  [s1:0.932  s2:0.393  s3:1.312  s4:1.652]  (5807s)
  step   2000 (1.76M tok)  loss 1.0110  [s1:0.905  s2:0.390  s3:1.328  s4:1.677]  (5862s)
  [P-e] step 2000: TinyStories val NLL 1.7027 (bound 1.7843)
  step   2100 (1.84M tok)  loss 1.0057  [s1:0.916  s2:0.366  s3:1.290  s4:1.697]  (5925s)
  step   2200 (1.91M tok)  loss 1.0046  [s1:0.912  s2:0.382  s3:1.265  s4:1.669]  (5967s)
  step   2300 (1.98M tok)  loss 0.9710  [s1:0.905  s2:0.373  s3:1.318  s4:1.730]  (6013s)
  step   2400 (2.07M tok)  loss 1.0487  [s1:0.934  s2:0.370  s3:1.218  s4:1.686]  (6067s)
  step   2500 (2.15M tok)  loss 1.0416  [s1:0.921  s2:0.365  s3:1.213  s4:1.715]  (6133s)
  step   2600 (2.24M tok)  loss 1.0073  [s1:0.854  s2:0.372  s3:1.345  s4:1.759]  (6193s)
  step   2700 (2.34M tok)  loss 1.0370  [s1:0.888  s2:0.370  s3:1.261  s4:1.681]  (6255s)
  step   2800 (2.43M tok)  loss 0.9384  [s1:0.821  s2:0.365  s3:1.300  s4:1.662]  (6300s)
  step   2900 (2.50M tok)  loss 0.9387  [s1:0.910  s2:0.369  s3:1.123  s4:1.759]  (6341s)
  step   3000 (2.58M tok)  loss 0.9638  [s1:0.864  s2:0.373  s3:1.101  s4:1.700]  (6373s)
  step   3100 (2.65M tok)  loss 0.9748  [s1:0.878  s2:0.355  s3:1.247  s4:1.719]  (6420s)
  step   3200 (2.73M tok)  loss 0.8954  [s1:0.809  s2:0.373  s3:1.212  s4:1.610]  (6464s)
  step   3300 (2.81M tok)  loss 1.0007  [s1:0.856  s2:0.385  s3:1.235  s4:1.678]  (6513s)
  step   3400 (2.89M tok)  loss 0.9153  [s1:0.852  s2:0.362  s3:1.091  s4:1.672]  (6554s)
  step   3500 (2.98M tok)  loss 0.9871  [s1:0.872  s2:0.348  s3:1.224  s4:1.726]  (6603s)
  step   3600 (3.05M tok)  loss 0.8896  [s1:0.838  s2:0.346  s3:1.032  s4:1.672]  (6648s)
  step   3700 (3.16M tok)  loss 1.0273  [s1:0.912  s2:0.336  s3:1.176  s4:1.680]  (6710s)
  step   3800 (3.25M tok)  loss 1.0103  [s1:0.879  s2:0.350  s3:1.173  s4:1.669]  (6751s)
  step   3900 (3.33M tok)  loss 0.9758  [s1:0.869  s2:0.335  s3:1.224  s4:1.667]  (6790s)
  step   4000 (3.41M tok)  loss 0.9633  [s1:0.853  s2:0.348  s3:1.287  s4:1.758]  (6831s)
  [P-e] step 4000: TinyStories val NLL 1.6759 (bound 1.7843)
  step   4100 (3.50M tok)  loss 0.9658  [s1:0.792  s2:0.349  s3:1.215  s4:1.698]  (6884s)
  step   4200 (3.61M tok)  loss 0.9765  [s1:0.817  s2:0.341  s3:1.144  s4:1.700]  (6924s)
  step   4300 (3.69M tok)  loss 0.9529  [s1:0.823  s2:0.345  s3:0.993  s4:1.697]  (6962s)
  step   4400 (3.78M tok)  loss 0.8282  [s1:0.768  s2:0.318  s3:1.039  s4:1.665]  (7001s)
  step   4500 (3.86M tok)  loss 0.8973  [s1:0.807  s2:0.339  s3:1.048  s4:1.665]  (7038s)
  step   4600 (3.93M tok)  loss 0.8812  [s1:0.839  s2:0.333  s3:1.043  s4:1.664]  (7072s)
  step   4700 (4.03M tok)  loss 0.9559  [s1:0.866  s2:0.325  s3:0.989  s4:1.665]  (7119s)
  step   4800 (4.10M tok)  loss 0.9281  [s1:0.825  s2:0.339  s3:1.172  s4:1.675]  (7156s)
  step   4900 (4.18M tok)  loss 0.9313  [s1:0.811  s2:0.346  s3:1.142  s4:1.653]  (7202s)
  step   5000 (4.27M tok)  loss 0.9626  [s1:0.868  s2:0.317  s3:1.103  s4:1.616]  (7245s)
  step   5100 (4.37M tok)  loss 0.8521  [s1:0.775  s2:0.327  s3:1.135  s4:1.622]  (7288s)
  step   5200 (4.44M tok)  loss 0.8805  [s1:0.803  s2:0.311  s3:1.066  s4:1.653]  (7324s)
  step   5300 (4.51M tok)  loss 0.8830  [s1:0.815  s2:0.329  s3:1.007  s4:1.740]  (7362s)
  step   5400 (4.59M tok)  loss 0.8830  [s1:0.802  s2:0.304  s3:1.116  s4:1.710]  (7399s)
  step   5500 (4.67M tok)  loss 0.9286  [s1:0.820  s2:0.311  s3:1.193  s4:1.652]  (7435s)
  step   5600 (4.75M tok)  loss 0.9254  [s1:0.824  s2:0.316  s3:0.939  s4:1.643]  (7475s)
  step   5700 (4.85M tok)  loss 0.9009  [s1:0.795  s2:0.320  s3:1.111  s4:1.661]  (7536s)
  step   5800 (4.94M tok)  loss 0.8295  [s1:0.735  s2:0.317  s3:1.130  s4:1.668]  (7580s)
  step   5900 (5.02M tok)  loss 0.8479  [s1:0.802  s2:0.304  s3:1.085  s4:1.677]  (7619s)
  step   6000 (5.10M tok)  loss 0.8809  [s1:0.807  s2:0.314  s3:1.059  s4:1.614]  (7651s)
  [P-e] step 6000: TinyStories val NLL 1.6502 (bound 1.7843)
  step   6100 (5.18M tok)  loss 0.8711  [s1:0.818  s2:0.295  s3:1.106  s4:1.671]  (7692s)
  step   6200 (5.26M tok)  loss 0.8884  [s1:0.782  s2:0.301  s3:1.013  s4:1.616]  (7727s)
  step   6300 (5.35M tok)  loss 0.9788  [s1:0.774  s2:0.314  s3:1.047  s4:1.670]  (7777s)
  step   6400 (5.43M tok)  loss 0.9278  [s1:0.804  s2:0.312  s3:1.025  s4:1.663]  (7821s)
  step   6500 (5.52M tok)  loss 0.9245  [s1:0.805  s2:0.311  s3:1.039  s4:1.606]  (7871s)
  step   6600 (5.60M tok)  loss 0.9707  [s1:0.843  s2:0.301  s3:1.197  s4:1.680]  (7922s)
  step   6700 (5.69M tok)  loss 0.9034  [s1:0.777  s2:0.299  s3:1.085  s4:1.693]  (7971s)
  step   6800 (5.79M tok)  loss 0.8868  [s1:0.769  s2:0.296  s3:1.092  s4:1.680]  (8021s)
  step   6900 (5.87M tok)  loss 0.9158  [s1:0.761  s2:0.316  s3:1.118  s4:1.631]  (8062s)
  step   7000 (5.95M tok)  loss 0.8978  [s1:0.811  s2:0.307  s3:1.148  s4:1.639]  (8105s)
  step   7100 (6.05M tok)  loss 0.9162  [s1:0.775  s2:0.296  s3:1.047  s4:1.612]  (8150s)
  step   7200 (6.14M tok)  loss 0.9101  [s1:0.778  s2:0.298  s3:1.131  s4:1.628]  (8196s)
  step   7300 (6.23M tok)  loss 0.8893  [s1:0.818  s2:0.314  s3:1.111  s4:1.666]  (8242s)
  step   7400 (6.33M tok)  loss 0.9557  [s1:0.813  s2:0.308  s3:1.119  s4:1.651]  (8284s)
  step   7500 (6.41M tok)  loss 0.8362  [s1:0.777  s2:0.295  s3:1.055  s4:1.605]  (8317s)
  step   7600 (6.49M tok)  loss 0.9067  [s1:0.763  s2:0.309  s3:1.091  s4:1.585]  (8349s)
  step   7700 (6.59M tok)  loss 0.8817  [s1:0.768  s2:0.305  s3:1.081  s4:1.632]  (8390s)
  step   7800 (6.69M tok)  loss 0.9073  [s1:0.739  s2:0.293  s3:1.066  s4:1.674]  (8434s)
  step   7900 (6.78M tok)  loss 0.9077  [s1:0.755  s2:0.295  s3:1.034  s4:1.622]  (8485s)
  step   8000 (6.86M tok)  loss 0.8722  [s1:0.764  s2:0.303  s3:1.093  s4:1.583]  (8518s)
  [P-e] step 8000: TinyStories val NLL 1.6279 (bound 1.7843)
  step   8100 (6.94M tok)  loss 0.8480  [s1:0.737  s2:0.298  s3:1.029  s4:1.609]  (8562s)
  step   8200 (7.04M tok)  loss 0.9270  [s1:0.827  s2:0.306  s3:0.959  s4:1.624]  (8600s)
  step   8300 (7.13M tok)  loss 0.8405  [s1:0.761  s2:0.293  s3:0.980  s4:1.652]  (8635s)
  step   8400 (7.22M tok)  loss 0.9805  [s1:0.821  s2:0.282  s3:0.967  s4:1.634]  (8670s)
  step   8500 (7.31M tok)  loss 0.9448  [s1:0.794  s2:0.297  s3:1.124  s4:1.604]  (8709s)
  step   8600 (7.39M tok)  loss 0.7834  [s1:0.698  s2:0.297  s3:0.967  s4:1.615]  (8764s)
  step   8700 (7.48M tok)  loss 0.8335  [s1:0.774  s2:0.287  s3:1.065  s4:1.581]  (8818s)
  step   8800 (7.57M tok)  loss 0.8780  [s1:0.775  s2:0.291  s3:1.057  s4:1.557]  (8873s)
  step   8900 (7.66M tok)  loss 0.8176  [s1:0.730  s2:0.292  s3:1.107  s4:1.514]  (8916s)
  step   9000 (7.74M tok)  loss 0.8212  [s1:0.756  s2:0.294  s3:1.062  s4:1.476]  (8968s)
  step   9100 (7.84M tok)  loss 0.8601  [s1:0.760  s2:0.290  s3:1.032  s4:1.475]  (9017s)
  step   9200 (7.94M tok)  loss 0.8879  [s1:0.769  s2:0.293  s3:1.008  s4:1.503]  (9070s)
  step   9300 (8.02M tok)  loss 0.7854  [s1:0.700  s2:0.291  s3:1.084  s4:1.516]  (9112s)
  step   9400 (8.10M tok)  loss 0.9141  [s1:0.784  s2:0.276  s3:0.872  s4:1.502]  (9164s)
  step   9500 (8.20M tok)  loss 0.7980  [s1:0.769  s2:0.281  s3:0.986  s4:1.428]  (9237s)
  step   9600 (8.28M tok)  loss 0.7610  [s1:0.679  s2:0.288  s3:0.969  s4:1.516]  (9279s)
  step   9700 (8.36M tok)  loss 0.7412  [s1:0.733  s2:0.300  s3:0.964  s4:1.463]  (9313s)
  step   9800 (8.43M tok)  loss 0.7744  [s1:0.716  s2:0.291  s3:1.072  s4:1.453]  (9349s)
  step   9900 (8.51M tok)  loss 0.8447  [s1:0.782  s2:0.289  s3:1.028  s4:1.521]  (9387s)
  step  10000 (8.61M tok)  loss 0.8476  [s1:0.749  s2:0.283  s3:1.063  s4:1.482]  (9432s)
  [P-e] step 10000: TinyStories val NLL 1.6182 (bound 1.7843)
  step  10100 (8.70M tok)  loss 0.8481  [s1:0.756  s2:0.280  s3:1.044  s4:1.508]  (9479s)
  step  10200 (8.78M tok)  loss 0.8725  [s1:0.787  s2:0.285  s3:0.960  s4:1.517]  (9528s)
  step  10300 (8.85M tok)  loss 0.8736  [s1:0.765  s2:0.302  s3:1.021  s4:1.590]  (9555s)
  step  10400 (8.92M tok)  loss 0.8337  [s1:0.711  s2:0.294  s3:1.086  s4:1.480]  (9588s)
  step  10500 (8.99M tok)  loss 0.8173  [s1:0.732  s2:0.303  s3:1.003  s4:1.502]  (9620s)
  step  10600 (9.07M tok)  loss 0.8331  [s1:0.751  s2:0.296  s3:1.048  s4:1.489]  (9657s)
  step  10700 (9.15M tok)  loss 0.8365  [s1:0.714  s2:0.299  s3:0.932  s4:1.539]  (9707s)
  step  10800 (9.22M tok)  loss 0.7512  [s1:0.717  s2:0.287  s3:1.034  s4:1.598]  (9742s)
  step  10900 (9.32M tok)  loss 0.8344  [s1:0.714  s2:0.290  s3:0.904  s4:1.462]  (9778s)
  step  11000 (9.42M tok)  loss 0.8551  [s1:0.735  s2:0.285  s3:1.030  s4:1.465]  (9819s)
  step  11100 (9.50M tok)  loss 0.7974  [s1:0.734  s2:0.290  s3:1.003  s4:1.531]  (9864s)
  step  11200 (9.58M tok)  loss 0.7890  [s1:0.725  s2:0.292  s3:1.030  s4:1.505]  (9924s)
  step  11300 (9.66M tok)  loss 0.7833  [s1:0.697  s2:0.286  s3:0.936  s4:1.492]  (9968s)
  step  11400 (9.75M tok)  loss 0.8323  [s1:0.715  s2:0.297  s3:0.986  s4:1.437]  (10003s)
  step  11500 (9.85M tok)  loss 0.8089  [s1:0.725  s2:0.294  s3:0.987  s4:1.489]  (10059s)
  step  11600 (9.94M tok)  loss 0.8708  [s1:0.737  s2:0.280  s3:0.900  s4:1.459]  (10093s)
  step  11700 (10.02M tok)  loss 0.8693  [s1:0.782  s2:0.299  s3:0.899  s4:1.515]  (10121s)
  step  11800 (10.12M tok)  loss 0.8750  [s1:0.750  s2:0.296  s3:1.131  s4:1.503]  (10160s)
  step  11900 (10.21M tok)  loss 0.9014  [s1:0.757  s2:0.299  s3:1.017  s4:1.536]  (10209s)
  step  12000 (10.30M tok)  loss 0.8789  [s1:0.791  s2:0.283  s3:1.058  s4:1.488]  (10243s)
  [P-e] step 12000: TinyStories val NLL 1.6076 (bound 1.7843)
  step  12100 (10.38M tok)  loss 0.9081  [s1:0.756  s2:0.286  s3:1.036  s4:1.483]  (10283s)
  step  12200 (10.47M tok)  loss 0.8497  [s1:0.744  s2:0.289  s3:1.098  s4:1.497]  (10346s)
  step  12300 (10.54M tok)  loss 0.8158  [s1:0.744  s2:0.291  s3:1.027  s4:1.512]  (10389s)
  step  12400 (10.63M tok)  loss 0.8503  [s1:0.732  s2:0.289  s3:0.904  s4:1.504]  (10428s)
  step  12500 (10.71M tok)  loss 0.8262  [s1:0.718  s2:0.291  s3:1.065  s4:1.494]  (10465s)
  step  12600 (10.79M tok)  loss 0.7780  [s1:0.700  s2:0.293  s3:0.849  s4:1.465]  (10502s)
  step  12700 (10.89M tok)  loss 0.8602  [s1:0.784  s2:0.282  s3:0.991  s4:1.474]  (10539s)
  step  12800 (10.95M tok)  loss 0.7524  [s1:0.710  s2:0.283  s3:0.890  s4:1.532]  (10587s)
  step  12900 (11.04M tok)  loss 0.7919  [s1:0.793  s2:0.280  s3:1.031  s4:1.454]  (10623s)
  step  13000 (11.12M tok)  loss 0.8253  [s1:0.709  s2:0.278  s3:1.014  s4:1.502]  (10657s)
  step  13100 (11.22M tok)  loss 0.8110  [s1:0.688  s2:0.275  s3:1.088  s4:1.472]  (10697s)
  step  13200 (11.30M tok)  loss 0.8506  [s1:0.775  s2:0.288  s3:0.992  s4:1.456]  (10730s)
  step  13300 (11.38M tok)  loss 0.8519  [s1:0.728  s2:0.294  s3:0.935  s4:1.508]  (10770s)
  step  13400 (11.44M tok)  loss 0.7687  [s1:0.739  s2:0.279  s3:0.838  s4:1.341]  (10800s)
  step  13500 (11.54M tok)  loss 0.8954  [s1:0.790  s2:0.286  s3:0.951  s4:1.495]  (10853s)
  step  13600 (11.62M tok)  loss 0.7980  [s1:0.753  s2:0.278  s3:1.073  s4:1.469]  (10885s)
  step  13700 (11.70M tok)  loss 0.8293  [s1:0.755  s2:0.282  s3:0.999  s4:1.522]  (10926s)
  step  13800 (11.79M tok)  loss 0.8427  [s1:0.747  s2:0.296  s3:1.040  s4:1.462]  (10958s)
  step  13900 (11.89M tok)  loss 0.9177  [s1:0.778  s2:0.285  s3:0.988  s4:1.460]  (10996s)
  step  14000 (11.97M tok)  loss 0.9262  [s1:0.782  s2:0.278  s3:0.887  s4:1.489]  (11027s)
  [P-e] step 14000: TinyStories val NLL 1.6002 (bound 1.7843)
  step  14100 (12.06M tok)  loss 0.7942  [s1:0.682  s2:0.286  s3:1.046  s4:1.467]  (11069s)
  step  14200 (12.15M tok)  loss 0.7743  [s1:0.749  s2:0.282  s3:1.020  s4:1.456]  (11103s)
  step  14300 (12.23M tok)  loss 0.8247  [s1:0.728  s2:0.274  s3:1.064  s4:1.492]  (11138s)
  step  14400 (12.33M tok)  loss 0.8542  [s1:0.751  s2:0.284  s3:0.958  s4:1.439]  (11185s)
  step  14500 (12.41M tok)  loss 0.8563  [s1:0.788  s2:0.280  s3:0.994  s4:1.487]  (11220s)
  step  14600 (12.50M tok)  loss 0.8914  [s1:0.776  s2:0.277  s3:1.045  s4:1.490]  (11270s)
  step  14700 (12.59M tok)  loss 0.8398  [s1:0.763  s2:0.278  s3:1.017  s4:1.451]  (11327s)
  step  14800 (12.69M tok)  loss 0.8921  [s1:0.739  s2:0.286  s3:1.020  s4:1.474]  (11380s)
  step  14900 (12.77M tok)  loss 0.8726  [s1:0.746  s2:0.289  s3:1.030  s4:1.499]  (11422s)
  step  15000 (12.85M tok)  loss 0.7369  [s1:0.714  s2:0.286  s3:0.946  s4:1.381]  (11473s)
  step  15100 (12.95M tok)  loss 0.8798  [s1:0.728  s2:0.276  s3:1.010  s4:1.478]  (11535s)
  step  15200 (13.05M tok)  loss 0.8885  [s1:0.745  s2:0.278  s3:0.911  s4:1.502]  (11575s)
  step  15300 (13.14M tok)  loss 0.8623  [s1:0.786  s2:0.284  s3:0.966  s4:1.440]  (11613s)
  step  15400 (13.24M tok)  loss 0.8174  [s1:0.687  s2:0.279  s3:0.986  s4:1.502]  (11648s)
  step  15500 (13.32M tok)  loss 0.7763  [s1:0.725  s2:0.280  s3:0.934  s4:1.463]  (11684s)
  step  15600 (13.39M tok)  loss 0.8076  [s1:0.700  s2:0.277  s3:0.945  s4:1.516]  (11723s)
  step  15700 (13.50M tok)  loss 0.9027  [s1:0.744  s2:0.276  s3:0.979  s4:1.519]  (11766s)
  step  15800 (13.58M tok)  loss 0.8339  [s1:0.727  s2:0.286  s3:1.023  s4:1.466]  (11803s)
  step  15900 (13.65M tok)  loss 0.7753  [s1:0.730  s2:0.281  s3:0.972  s4:1.364]  (11856s)
  step  16000 (13.74M tok)  loss 0.8542  [s1:0.749  s2:0.281  s3:0.964  s4:1.471]  (11893s)
  [P-e] step 16000: TinyStories val NLL 1.5922 (bound 1.7843)
  step  16100 (13.83M tok)  loss 0.8519  [s1:0.721  s2:0.281  s3:0.969  s4:1.489]  (11939s)
  step  16200 (13.90M tok)  loss 0.7977  [s1:0.746  s2:0.276  s3:1.001  s4:1.470]  (11969s)
  step  16300 (13.99M tok)  loss 0.8314  [s1:0.714  s2:0.279  s3:0.971  s4:1.473]  (12005s)
  step  16400 (14.08M tok)  loss 0.8857  [s1:0.756  s2:0.281  s3:0.854  s4:1.425]  (12039s)
  step  16500 (14.17M tok)  loss 0.7779  [s1:0.676  s2:0.282  s3:0.848  s4:1.468]  (12076s)
  step  16600 (14.25M tok)  loss 0.8350  [s1:0.769  s2:0.280  s3:0.963  s4:1.504]  (12111s)
  step  16700 (14.34M tok)  loss 0.8373  [s1:0.777  s2:0.277  s3:0.895  s4:1.508]  (12147s)
  step  16800 (14.41M tok)  loss 0.7926  [s1:0.751  s2:0.285  s3:0.950  s4:1.438]  (12178s)
  step  16900 (14.50M tok)  loss 0.8069  [s1:0.722  s2:0.279  s3:0.811  s4:1.455]  (12219s)
  step  17000 (14.60M tok)  loss 0.8569  [s1:0.776  s2:0.268  s3:1.000  s4:1.488]  (12256s)
  step  17100 (14.68M tok)  loss 0.8204  [s1:0.720  s2:0.277  s3:1.023  s4:1.530]  (12291s)
  step  17200 (14.78M tok)  loss 0.8195  [s1:0.698  s2:0.286  s3:0.988  s4:1.523]  (12328s)
  step  17300 (14.86M tok)  loss 0.7977  [s1:0.720  s2:0.279  s3:0.967  s4:1.487]  (12377s)
  step  17400 (14.95M tok)  loss 0.8052  [s1:0.753  s2:0.284  s3:0.986  s4:1.460]  (12416s)
== done: 17450 steps, 15.00M tokens | val NLL 1.6994 -> 1.5886 (-6.5%) (12448s) ==
saved cn7_ckpt_midtrain_nomask.pt
