== CN-7 fp re-baseline (arm fingerprint, seed 81) on mps, SP id space ==
  trainable params: 99,964,672
  train sequences: 40223 (from 40235 rows)
  step   100/8000  loss 6.6545  cell-acc 0.004  (105s)
  step   200/8000  loss 5.5863  cell-acc 0.008  (154s)
  step   300/8000  loss 5.3981  cell-acc 0.020  (194s)
  step   400/8000  loss 4.9832  cell-acc 0.036  (231s)
  step   500/8000  loss 4.6898  cell-acc 0.072  (254s)
  step   600/8000  loss 4.4151  cell-acc 0.094  (279s)
  step   700/8000  loss 4.0824  cell-acc 0.124  (311s)
  step   800/8000  loss 3.9197  cell-acc 0.154  (345s)
  step   900/8000  loss 3.7360  cell-acc 0.165  (383s)
  step  1000/8000  loss 3.7936  cell-acc 0.167  (431s)
  step  1100/8000  loss 4.1122  cell-acc 0.133  (514s)
  step  1200/8000  loss 3.7469  cell-acc 0.174  (591s)
  step  1300/8000  loss 3.5485  cell-acc 0.189  (626s)
  step  1400/8000  loss 3.7596  cell-acc 0.182  (655s)
  step  1500/8000  loss 3.6929  cell-acc 0.180  (688s)
  step  1600/8000  loss 3.3323  cell-acc 0.216  (721s)
  step  1700/8000  loss 3.5404  cell-acc 0.198  (757s)
  step  1800/8000  loss 3.7786  cell-acc 0.170  (798s)
  step  1900/8000  loss 3.3895  cell-acc 0.222  (857s)
  step  2000/8000  loss 3.2644  cell-acc 0.223  (895s)
  step  2100/8000  loss 3.3611  cell-acc 0.223  (920s)
  step  2200/8000  loss 3.2464  cell-acc 0.236  (945s)
  step  2300/8000  loss 3.0363  cell-acc 0.256  (969s)
  step  2400/8000  loss 3.1349  cell-acc 0.256  (1008s)
  step  2500/8000  loss 3.0744  cell-acc 0.251  (1091s)
  step  2600/8000  loss 2.8879  cell-acc 0.278  (1172s)
  step  2700/8000  loss 2.9293  cell-acc 0.266  (1235s)
  step  2800/8000  loss 2.9780  cell-acc 0.263  (1281s)
  step  2900/8000  loss 2.9416  cell-acc 0.274  (1318s)
  step  3000/8000  loss 2.9106  cell-acc 0.284  (1355s)
  step  3100/8000  loss 3.7618  cell-acc 0.201  (1394s)
  step  3200/8000  loss 3.4127  cell-acc 0.216  (1428s)
  step  3300/8000  loss 3.1559  cell-acc 0.241  (1459s)
  step  3400/8000  loss 3.0628  cell-acc 0.252  (1489s)
  step  3500/8000  loss 2.9047  cell-acc 0.286  (1519s)
  step  3600/8000  loss 3.1263  cell-acc 0.267  (1549s)
  step  3700/8000  loss 3.9287  cell-acc 0.189  (1580s)
  step  3800/8000  loss 3.2575  cell-acc 0.253  (1611s)
  step  3900/8000  loss 3.2589  cell-acc 0.226  (1643s)
  step  4000/8000  loss 2.9577  cell-acc 0.286  (1676s)
  step  4100/8000  loss 2.8540  cell-acc 0.288  (1709s)
  step  4200/8000  loss 2.8256  cell-acc 0.286  (1742s)
  step  4300/8000  loss 2.8600  cell-acc 0.294  (1774s)
  step  4400/8000  loss 2.8144  cell-acc 0.296  (1806s)
  step  4500/8000  loss 2.8548  cell-acc 0.289  (1844s)
  step  4600/8000  loss 2.8765  cell-acc 0.290  (1878s)
  step  4700/8000  loss 3.1196  cell-acc 0.260  (1909s)
  step  4800/8000  loss 2.8050  cell-acc 0.299  (1941s)
  step  4900/8000  loss 2.8808  cell-acc 0.306  (1973s)
  step  5000/8000  loss 2.8645  cell-acc 0.298  (2006s)
  step  5100/8000  loss 2.8091  cell-acc 0.320  (2039s)
  step  5200/8000  loss 2.7407  cell-acc 0.309  (2078s)
  step  5300/8000  loss 2.7804  cell-acc 0.307  (2118s)
  step  5400/8000  loss 2.7585  cell-acc 0.315  (2158s)
  step  5500/8000  loss 2.7357  cell-acc 0.329  (2191s)
  step  5600/8000  loss 2.7051  cell-acc 0.319  (2223s)
  step  5700/8000  loss 2.8908  cell-acc 0.317  (2255s)
  step  5800/8000  loss 2.7298  cell-acc 0.316  (2287s)
  step  5900/8000  loss 2.7732  cell-acc 0.311  (2321s)
  step  6000/8000  loss 2.7085  cell-acc 0.336  (2356s)
  step  6100/8000  loss 2.6498  cell-acc 0.339  (2387s)
  step  6200/8000  loss 2.5371  cell-acc 0.354  (2422s)
  step  6300/8000  loss 2.6689  cell-acc 0.344  (2461s)
  step  6400/8000  loss 2.6147  cell-acc 0.352  (2499s)
  step  6500/8000  loss 2.6345  cell-acc 0.347  (2537s)
  step  6600/8000  loss 2.6434  cell-acc 0.348  (2576s)
  step  6700/8000  loss 2.7044  cell-acc 0.335  (2614s)
  step  6800/8000  loss 2.6471  cell-acc 0.344  (2652s)
  step  6900/8000  loss 2.5925  cell-acc 0.349  (2691s)
  step  7000/8000  loss 2.5977  cell-acc 0.345  (2729s)
  step  7100/8000  loss 2.6013  cell-acc 0.358  (2768s)
  step  7200/8000  loss 2.6583  cell-acc 0.352  (2807s)
  step  7300/8000  loss 2.5943  cell-acc 0.367  (2849s)
  step  7400/8000  loss 2.6190  cell-acc 0.346  (2889s)
  step  7500/8000  loss 2.5894  cell-acc 0.347  (2929s)
  step  7600/8000  loss 2.5071  cell-acc 0.376  (2969s)
  step  7700/8000  loss 2.4947  cell-acc 0.373  (3008s)
  step  7800/8000  loss 2.5615  cell-acc 0.347  (3047s)
  step  7900/8000  loss 2.6359  cell-acc 0.334  (3087s)
  step  8000/8000  loss 2.5086  cell-acc 0.368  (3125s)
  saved cn7_ckpt_fp_fingerprint_mid_s81.pt
== eval (random-sampled buckets, chance median ~395/790) ==
  seen_cell|seen_comp      top1 0.390  top5 0.600  med.rank   1/790  (n=200)
  seen_cell|novel_comp     top1 0.455  top5 0.670  med.rank   1/790  (n=200)
  novel_cell|seen_comp     top1 0.000  top5 0.000  med.rank 208/790  (n=200)  <- B9' signal
  novel_cell|novel_comp    top1 0.000  top5 0.000  med.rank 557/790  (n=48)
wrote cn7_fp_rebaseline_fingerprint_mid_s81.json (3153s total)
== CN-7 fp re-baseline (arm fingerprint, seed 80) on mps, SP id space ==
  trainable params: 99,964,672
  train sequences: 40223 (from 40235 rows)
  step   100/8000  loss 6.3802  cell-acc 0.006  (51s)
  step   200/8000  loss 5.7379  cell-acc 0.005  (92s)
  step   300/8000  loss 5.3155  cell-acc 0.016  (133s)
  step   400/8000  loss 4.9776  cell-acc 0.043  (174s)
  step   500/8000  loss 4.6095  cell-acc 0.075  (214s)
  step   600/8000  loss 4.4150  cell-acc 0.080  (252s)
  step   700/8000  loss 4.4581  cell-acc 0.077  (286s)
  step   800/8000  loss 4.2611  cell-acc 0.106  (320s)
  step   900/8000  loss 4.3643  cell-acc 0.100  (353s)
