  fresh rows: 1421 (s1 skipped for tokenization drift or cmp: 216)
{
 "s1|answer": {
  "nll": 0.3081,
  "tokens": 1635
 },
 "s1|scaffold": {
  "nll": 0.8385,
  "tokens": 8059
 },
 "s1:add|answer": {
  "nll": 0.295,
  "tokens": 495
 },
 "s1:min3|answer": {
  "nll": 0.0237,
  "tokens": 164
 },
 "s1:mod|answer": {
  "nll": 0.6102,
  "tokens": 152
 },
 "s1:mul|answer": {
  "nll": 0.3754,
  "tokens": 199
 },
 "s1:parity|answer": {
  "nll": 0.0014,
  "tokens": 76
 },
 "s1:sub|answer": {
  "nll": 0.4639,
  "tokens": 399
 },
 "s1:succ|answer": {
  "nll": 0.0084,
  "tokens": 150
 },
 "s2|call": {
  "nll": 0.0013,
  "tokens": 4040
 },
 "s2|injected": {
  "nll": 9.5642,
  "tokens": 1598
 },
 "s2|story": {
  "nll": 0.3226,
  "tokens": 21000
 },
 "s3|grammar": {
  "nll": 0.9752,
  "tokens": 28054
 },
 "s3|value_in_tier": {
  "nll": 1.1378,
  "tokens": 711
 },
 "s3|value_masked": {
  "nll": 3.8003,
  "tokens": 6590
 }
}
wrote cn7_species_nll_cn7_ckpt_midtrain_attn.json (23s)
