== CN-7 fp re-baseline (arm fingerprint, seed 82) on mps, SP id space ==
  trainable params: 99,964,672
  train sequences: 40223 (from 40235 rows)
  step   100/8000  loss 6.5273  cell-acc 0.009  (39s)
  step   200/8000  loss 5.6949  cell-acc 0.011  (74s)
  step   300/8000  loss 5.3245  cell-acc 0.022  (109s)
  step   400/8000  loss 5.1837  cell-acc 0.027  (146s)
  step   500/8000  loss 4.9673  cell-acc 0.044  (189s)
  step   600/8000  loss 4.8402  cell-acc 0.048  (240s)
  step   700/8000  loss 4.6343  cell-acc 0.077  (288s)
  step   800/8000  loss 4.6171  cell-acc 0.071  (331s)
  step   900/8000  loss 4.3257  cell-acc 0.088  (372s)
  step  1000/8000  loss 4.6059  cell-acc 0.086  (412s)
  step  1100/8000  loss 4.3364  cell-acc 0.104  (449s)
  step  1200/8000  loss 4.1215  cell-acc 0.116  (487s)
  step  1300/8000  loss 4.0396  cell-acc 0.138  (525s)
  step  1400/8000  loss 3.9743  cell-acc 0.134  (561s)
  step  1500/8000  loss 3.7261  cell-acc 0.163  (600s)
  step  1600/8000  loss 3.7054  cell-acc 0.171  (638s)
  step  1700/8000  loss 4.2692  cell-acc 0.101  (677s)
  step  1800/8000  loss 3.8702  cell-acc 0.148  (718s)
  step  1900/8000  loss 3.6602  cell-acc 0.168  (761s)
  step  2000/8000  loss 4.2614  cell-acc 0.136  (803s)
  step  2100/8000  loss 3.8629  cell-acc 0.161  (846s)
  step  2200/8000  loss 3.5862  cell-acc 0.184  (887s)
  step  2300/8000  loss 3.4843  cell-acc 0.198  (928s)
  step  2400/8000  loss 3.5131  cell-acc 0.203  (968s)
  step  2500/8000  loss 3.4877  cell-acc 0.197  (1008s)
  step  2600/8000  loss 3.4619  cell-acc 0.203  (1048s)
  step  2700/8000  loss 3.3781  cell-acc 0.205  (1087s)
  step  2800/8000  loss 3.4225  cell-acc 0.216  (1126s)
  step  2900/8000  loss 3.4492  cell-acc 0.191  (1165s)
  step  3000/8000  loss 3.4025  cell-acc 0.203  (1205s)
  step  3100/8000  loss 3.2934  cell-acc 0.227  (1245s)
  step  3200/8000  loss 3.5245  cell-acc 0.209  (1286s)
  step  3300/8000  loss 4.2463  cell-acc 0.119  (1326s)
  step  3400/8000  loss 3.7803  cell-acc 0.162  (1365s)
  step  3500/8000  loss 3.3425  cell-acc 0.211  (1406s)
  step  3600/8000  loss 3.3791  cell-acc 0.203  (1446s)
  step  3700/8000  loss 3.2039  cell-acc 0.228  (1486s)
  step  3800/8000  loss 3.0572  cell-acc 0.249  (1526s)
  step  3900/8000  loss 3.1320  cell-acc 0.237  (1565s)
  step  4000/8000  loss 3.0644  cell-acc 0.244  (1605s)
  step  4100/8000  loss 3.1220  cell-acc 0.247  (1646s)
  step  4200/8000  loss 3.0750  cell-acc 0.247  (1686s)
  step  4300/8000  loss 2.8860  cell-acc 0.283  (1726s)
  step  4400/8000  loss 2.9629  cell-acc 0.255  (1767s)
  step  4500/8000  loss 2.9485  cell-acc 0.259  (1807s)
  step  4600/8000  loss 2.9325  cell-acc 0.271  (1847s)
  step  4700/8000  loss 3.0085  cell-acc 0.263  (1886s)
  step  4800/8000  loss 3.1764  cell-acc 0.239  (1926s)
  step  4900/8000  loss 2.9603  cell-acc 0.273  (1966s)
  step  5000/8000  loss 2.8562  cell-acc 0.285  (2006s)
  step  5100/8000  loss 3.0883  cell-acc 0.237  (2046s)
  step  5200/8000  loss 2.8618  cell-acc 0.292  (2086s)
  step  5300/8000  loss 2.7616  cell-acc 0.309  (2125s)
  step  5400/8000  loss 2.8141  cell-acc 0.301  (2164s)
  step  5500/8000  loss 3.0303  cell-acc 0.257  (2204s)
  step  5600/8000  loss 2.7716  cell-acc 0.302  (2244s)
  step  5700/8000  loss 2.7817  cell-acc 0.291  (2283s)
  step  5800/8000  loss 2.7702  cell-acc 0.299  (2322s)
  step  5900/8000  loss 2.7446  cell-acc 0.302  (2360s)
  step  6000/8000  loss 2.6871  cell-acc 0.327  (2400s)
  step  6100/8000  loss 2.7882  cell-acc 0.308  (2439s)
  step  6200/8000  loss 2.8132  cell-acc 0.289  (2478s)
  step  6300/8000  loss 2.7319  cell-acc 0.322  (2518s)
  step  6400/8000  loss 2.7248  cell-acc 0.340  (2554s)
  step  6500/8000  loss 2.8621  cell-acc 0.294  (2586s)
  step  6600/8000  loss 2.9302  cell-acc 0.298  (2619s)
  step  6700/8000  loss 2.6924  cell-acc 0.322  (2651s)
  step  6800/8000  loss 2.7013  cell-acc 0.328  (2684s)
  step  6900/8000  loss 2.6064  cell-acc 0.355  (2716s)
  step  7000/8000  loss 2.7011  cell-acc 0.332  (2748s)
  step  7100/8000  loss 2.7326  cell-acc 0.331  (2781s)
  step  7200/8000  loss 2.6849  cell-acc 0.351  (2812s)
  step  7300/8000  loss 2.6107  cell-acc 0.356  (2842s)
  step  7400/8000  loss 2.6186  cell-acc 0.360  (2873s)
  step  7500/8000  loss 2.7215  cell-acc 0.330  (2903s)
  step  7600/8000  loss 2.7189  cell-acc 0.343  (2934s)
  step  7700/8000  loss 2.5980  cell-acc 0.367  (2964s)
  step  7800/8000  loss 2.5912  cell-acc 0.341  (2995s)
  step  7900/8000  loss 2.6604  cell-acc 0.349  (3025s)
  step  8000/8000  loss 2.6615  cell-acc 0.349  (3056s)
  saved cn7_ckpt_fp_fingerprint_midtrain_s82.pt
== eval (random-sampled buckets, chance median ~395/790) ==
  seen_cell|seen_comp      top1 0.390  top5 0.610  med.rank   3/790  (n=200)
  seen_cell|novel_comp     top1 0.470  top5 0.625  med.rank   1/790  (n=200)
  novel_cell|seen_comp     top1 0.000  top5 0.020  med.rank  93/790  (n=200)  <- B9' signal
  novel_cell|novel_comp    top1 0.000  top5 0.000  med.rank 128/790  (n=48)
wrote cn7_fp_rebaseline_fingerprint_midtrain_s82.json (3074s total)
== CN-7 fp re-baseline (arm fingerprint, seed 82) on mps, SP id space ==
  trainable params: 99,964,672
  train sequences: 40223 (from 40235 rows)
  step   100/8000  loss 6.2442  cell-acc 0.007  (35s)
  step   200/8000  loss 5.2629  cell-acc 0.028  (66s)
  step   300/8000  loss 4.7715  cell-acc 0.049  (96s)
  step   400/8000  loss 4.4864  cell-acc 0.071  (126s)
  step   500/8000  loss 4.2225  cell-acc 0.103  (155s)
  step   600/8000  loss 3.7800  cell-acc 0.166  (185s)
  step   700/8000  loss 3.5570  cell-acc 0.182  (215s)
  step   800/8000  loss 4.0589  cell-acc 0.152  (245s)
  step   900/8000  loss 4.1191  cell-acc 0.131  (275s)
  step  1000/8000  loss 3.7263  cell-acc 0.189  (306s)
  step  1100/8000  loss 3.6585  cell-acc 0.184  (336s)
  step  1200/8000  loss 3.3679  cell-acc 0.219  (368s)
  step  1300/8000  loss 3.6502  cell-acc 0.198  (399s)
  step  1400/8000  loss 3.6234  cell-acc 0.168  (431s)
  step  1500/8000  loss 3.4567  cell-acc 0.210  (463s)
  step  1600/8000  loss 3.2483  cell-acc 0.218  (495s)
  step  1700/8000  loss 3.8559  cell-acc 0.163  (526s)
  step  1800/8000  loss 3.6684  cell-acc 0.164  (558s)
  step  1900/8000  loss 3.5105  cell-acc 0.196  (589s)
  step  2000/8000  loss 3.2189  cell-acc 0.237  (619s)
  step  2100/8000  loss 3.1041  cell-acc 0.251  (650s)
  step  2200/8000  loss 3.0704  cell-acc 0.256  (681s)
  step  2300/8000  loss 3.0039  cell-acc 0.274  (712s)
  step  2400/8000  loss 2.9188  cell-acc 0.295  (742s)
  step  2500/8000  loss 2.9773  cell-acc 0.274  (772s)
  step  2600/8000  loss 3.1986  cell-acc 0.248  (803s)
  step  2700/8000  loss 3.7546  cell-acc 0.182  (833s)
  step  2800/8000  loss 4.1864  cell-acc 0.121  (863s)
  step  2900/8000  loss 3.3013  cell-acc 0.215  (893s)
  step  3000/8000  loss 3.2992  cell-acc 0.219  (923s)
  step  3100/8000  loss 3.1949  cell-acc 0.237  (954s)
  step  3200/8000  loss 3.1162  cell-acc 0.247  (991s)
  step  3300/8000  loss 3.0151  cell-acc 0.264  (1030s)
  step  3400/8000  loss 3.0139  cell-acc 0.253  (1069s)
  step  3500/8000  loss 2.9125  cell-acc 0.271  (1108s)
  step  3600/8000  loss 3.3861  cell-acc 0.218  (1145s)
  step  3700/8000  loss 3.4847  cell-acc 0.196  (1181s)
  step  3800/8000  loss 3.4089  cell-acc 0.208  (1218s)
  step  3900/8000  loss 3.1438  cell-acc 0.239  (1253s)
  step  4000/8000  loss 2.9300  cell-acc 0.282  (1289s)
  step  4100/8000  loss 2.8460  cell-acc 0.289  (1324s)
  step  4200/8000  loss 2.9201  cell-acc 0.278  (1360s)
  step  4300/8000  loss 2.9241  cell-acc 0.281  (1383s)
  step  4400/8000  loss 2.9321  cell-acc 0.277  (1410s)
  step  4500/8000  loss 2.9305  cell-acc 0.276  (1437s)
  step  4600/8000  loss 2.8127  cell-acc 0.279  (1464s)
  step  4700/8000  loss 3.0860  cell-acc 0.252  (1494s)
  step  4800/8000  loss 2.9911  cell-acc 0.255  (1537s)
  step  4900/8000  loss 2.8721  cell-acc 0.299  (1616s)
  step  5000/8000  loss 2.7728  cell-acc 0.314  (1692s)
  step  5100/8000  loss 2.8440  cell-acc 0.289  (1741s)
  step  5200/8000  loss 2.6879  cell-acc 0.320  (1780s)
  step  5300/8000  loss 2.6727  cell-acc 0.336  (1815s)
  step  5400/8000  loss 2.6860  cell-acc 0.340  (1846s)
  step  5500/8000  loss 2.7779  cell-acc 0.317  (1877s)
  step  5600/8000  loss 2.7671  cell-acc 0.319  (1907s)
  step  5700/8000  loss 3.0033  cell-acc 0.271  (1936s)
  step  5800/8000  loss 3.0070  cell-acc 0.266  (1967s)
  step  5900/8000  loss 2.7700  cell-acc 0.294  (1996s)
  step  6000/8000  loss 2.6877  cell-acc 0.327  (2025s)
  step  6100/8000  loss 2.7857  cell-acc 0.317  (2056s)
  step  6200/8000  loss 2.7603  cell-acc 0.316  (2089s)
  step  6300/8000  loss 2.7005  cell-acc 0.333  (2124s)
  step  6400/8000  loss 2.6877  cell-acc 0.351  (2158s)
  step  6500/8000  loss 2.7248  cell-acc 0.332  (2193s)
  step  6600/8000  loss 2.7071  cell-acc 0.349  (2234s)
  step  6700/8000  loss 2.5831  cell-acc 0.360  (2272s)
  step  6800/8000  loss 2.6336  cell-acc 0.359  (2313s)
  step  6900/8000  loss 2.5384  cell-acc 0.389  (2358s)
  step  7000/8000  loss 2.6407  cell-acc 0.357  (2396s)
  step  7100/8000  loss 2.6615  cell-acc 0.352  (2435s)
  step  7200/8000  loss 2.6232  cell-acc 0.379  (2473s)
  step  7300/8000  loss 2.5411  cell-acc 0.388  (2510s)
  step  7400/8000  loss 2.5704  cell-acc 0.383  (2548s)
  step  7500/8000  loss 2.6659  cell-acc 0.352  (2590s)
  step  7600/8000  loss 2.6474  cell-acc 0.366  (2627s)
  step  7700/8000  loss 2.5355  cell-acc 0.394  (2664s)
  step  7800/8000  loss 2.5370  cell-acc 0.368  (2702s)
  step  7900/8000  loss 2.6018  cell-acc 0.369  (2738s)
  step  8000/8000  loss 2.6085  cell-acc 0.367  (2775s)
  saved cn7_ckpt_fp_fingerprint_midtrain_nomask_s82.pt
== eval (random-sampled buckets, chance median ~395/790) ==
  seen_cell|seen_comp      top1 0.415  top5 0.605  med.rank   2/790  (n=200)
  seen_cell|novel_comp     top1 0.455  top5 0.680  med.rank   1/790  (n=200)
  novel_cell|seen_comp     top1 0.000  top5 0.055  med.rank 159/790  (n=200)  <- B9' signal
  novel_cell|novel_comp    top1 0.000  top5 0.062  med.rank 327/790  (n=48)
wrote cn7_fp_rebaseline_fingerprint_midtrain_nomask_s82.json (2793s total)
