Loading weights:   0%|          | 0/272 [00:00<?, ?it/s]Loading weights:  78%|███████▊  | 211/272 [00:00<00:00, 2106.09it/s]Loading weights: 100%|██████████| 272/272 [00:00<00:00, 2108.33it/s]
The new embeddings will be initialized from a multivariate normal distribution that has old embeddings' mean and covariance. As described in this article: https://nlp.stanford.edu/~johnhew/vocab-expansion.html. To disable this, use `mean_resizing=False`
  substrate: cn6_ckpt_generation.pt (base HuggingFaceTB/SmolLM2-135M, input-max 20)
  apply_delta_clamped              [within] parsed  27  signed   1  yield 0.037
  between_exclusive                [within] parsed  27  signed   3  yield 0.111
  clamp_i16                        [within] parsed  27  signed  17  yield 0.630
  crc16_step                       [beyond] parsed  27  signed   1  yield 0.037
  eq                               [within] parsed  27  signed   1  yield 0.037
  fnv1a_step                       [beyond] parsed  27  signed   0  yield 0.000
  geom_circle_circumference_approx [beyond] parsed  27  signed   0  yield 0.000
  is_lt_i16                        [within] parsed  27  signed  26  yield 0.963
  isqrt                            [within] parsed  27  signed   8  yield 0.296
  jacobi_symbol                    [beyond] parsed  27  signed   0  yield 0.000
  luhn_check                       [beyond] parsed  27  signed   1  yield 0.037
  mask_clear                       [beyond] parsed  27  signed  11  yield 0.407
  mask_has_all                     [beyond] parsed  27  signed   7  yield 0.259
  mask_overlap_count               [beyond] parsed  27  signed   2  yield 0.074
  median3                          [within] parsed  26  signed   2  yield 0.077
  mobius_function                  [beyond] parsed  27  signed   4  yield 0.148
  norm2_sq                         [beyond] parsed  27  signed   1  yield 0.037
  permille                         [beyond] parsed  27  signed   0  yield 0.000
  permille_to_byte                 [beyond] parsed  27  signed   1  yield 0.037
  pow_small                        [beyond] parsed  27  signed   2  yield 0.074
  snap_down                        [within] parsed  27  signed  10  yield 0.370
  square                           [within] parsed  27  signed   2  yield 0.074
  swap_bytes                       [beyond] parsed  27  signed   2  yield 0.074
  zscore_q8                        [beyond] parsed  27  signed   0  yield 0.000

CN-7.0 yield — substrate hf:cn6_ckpt_generation.pt | greedy + 8 samples @ T=0.7 per cell
  within  (9 cells): signed 70/242 parsed  ->  per-pair yield 0.289 [0.236,0.349]
  beyond  (15 cells): signed 32/405 parsed  ->  per-pair yield 0.079 [0.057,0.109]
saved cn7_0_yield_hf_cn6_ckpt_generationpt.json
