== CN-7 fp re-baseline (arm fingerprint, seed 80) on mps, SP id space ==
  trainable params: 99,964,672
  train sequences: 40223 (from 40235 rows)
  step   100/8000  loss 6.2398  cell-acc 0.004  (26s)
  step   200/8000  loss 5.8040  cell-acc 0.006  (47s)
  step   300/8000  loss 5.6690  cell-acc 0.006  (72s)
  step   400/8000  loss 5.5552  cell-acc 0.009  (106s)
  step   500/8000  loss 5.3226  cell-acc 0.021  (142s)
  step   600/8000  loss 5.1763  cell-acc 0.028  (177s)
  step   700/8000  loss 5.1207  cell-acc 0.024  (213s)
  step   800/8000  loss 5.0876  cell-acc 0.033  (250s)
  step   900/8000  loss 5.0134  cell-acc 0.040  (289s)
  step  1000/8000  loss 5.0119  cell-acc 0.043  (336s)
  step  1100/8000  loss 5.1318  cell-acc 0.025  (391s)
  step  1200/8000  loss 4.9640  cell-acc 0.039  (453s)
  step  1300/8000  loss 4.7799  cell-acc 0.051  (498s)
  step  1400/8000  loss 4.6851  cell-acc 0.057  (539s)
  step  1500/8000  loss 4.7374  cell-acc 0.056  (576s)
  step  1600/8000  loss 4.8620  cell-acc 0.048  (609s)
  step  1700/8000  loss 4.6837  cell-acc 0.051  (641s)
  step  1800/8000  loss 4.4766  cell-acc 0.095  (673s)
  step  1900/8000  loss 4.3318  cell-acc 0.111  (703s)
  step  2000/8000  loss 4.4270  cell-acc 0.100  (733s)
  step  2100/8000  loss 4.3059  cell-acc 0.094  (763s)
  step  2200/8000  loss 4.2571  cell-acc 0.117  (791s)
  step  2300/8000  loss 4.3459  cell-acc 0.102  (820s)
  step  2400/8000  loss 4.2650  cell-acc 0.107  (850s)
  step  2500/8000  loss 4.2104  cell-acc 0.122  (883s)
  step  2600/8000  loss 4.2717  cell-acc 0.119  (921s)
  step  2700/8000  loss 4.3965  cell-acc 0.091  (960s)
  step  2800/8000  loss 4.3722  cell-acc 0.112  (1000s)
  step  2900/8000  loss 4.2855  cell-acc 0.109  (1044s)
  step  3000/8000  loss 4.2421  cell-acc 0.104  (1087s)
  step  3100/8000  loss 4.1945  cell-acc 0.122  (1128s)
  step  3200/8000  loss 4.4307  cell-acc 0.096  (1167s)
  step  3300/8000  loss 4.1898  cell-acc 0.104  (1208s)
  step  3400/8000  loss 5.2095  cell-acc 0.037  (1256s)
  step  3500/8000  loss 4.6878  cell-acc 0.062  (1311s)
  step  3600/8000  loss 4.5007  cell-acc 0.094  (1362s)
  step  3700/8000  loss 4.3938  cell-acc 0.104  (1406s)
  step  3800/8000  loss 4.4546  cell-acc 0.103  (1441s)
  step  3900/8000  loss 4.3092  cell-acc 0.096  (1475s)
  step  4000/8000  loss 4.1856  cell-acc 0.115  (1507s)
  step  4100/8000  loss 4.2706  cell-acc 0.105  (1551s)
  step  4200/8000  loss 4.0828  cell-acc 0.139  (1586s)
  step  4300/8000  loss 4.0474  cell-acc 0.146  (1671s)
  step  4400/8000  loss 3.8892  cell-acc 0.169  (1727s)
  step  4500/8000  loss 3.8095  cell-acc 0.166  (1777s)
  step  4600/8000  loss 3.7578  cell-acc 0.182  (1824s)
  step  4700/8000  loss 3.8114  cell-acc 0.163  (1865s)
  step  4800/8000  loss 3.9986  cell-acc 0.152  (1902s)
  step  4900/8000  loss 3.8016  cell-acc 0.175  (1939s)
  step  5000/8000  loss 3.7381  cell-acc 0.180  (1976s)
  step  5100/8000  loss 3.7744  cell-acc 0.176  (2008s)
  step  5200/8000  loss 3.6405  cell-acc 0.198  (2051s)
  step  5300/8000  loss 3.6658  cell-acc 0.185  (2097s)
  step  5400/8000  loss 3.6387  cell-acc 0.197  (2145s)
  step  5500/8000  loss 3.6402  cell-acc 0.189  (2184s)
  step  5600/8000  loss 3.7203  cell-acc 0.174  (2220s)
  step  5700/8000  loss 3.6956  cell-acc 0.184  (2252s)
  step  5800/8000  loss 3.5894  cell-acc 0.204  (2284s)
  step  5900/8000  loss 3.5199  cell-acc 0.202  (2316s)
  step  6000/8000  loss 3.5700  cell-acc 0.186  (2347s)
  step  6100/8000  loss 3.5870  cell-acc 0.190  (2378s)
  step  6200/8000  loss 3.4822  cell-acc 0.212  (2410s)
  step  6300/8000  loss 3.3741  cell-acc 0.223  (2441s)
  step  6400/8000  loss 3.4011  cell-acc 0.207  (2473s)
  step  6500/8000  loss 3.3666  cell-acc 0.236  (2505s)
  step  6600/8000  loss 3.3651  cell-acc 0.214  (2538s)
  step  6700/8000  loss 3.3230  cell-acc 0.234  (2570s)
  step  6800/8000  loss 3.1699  cell-acc 0.250  (2603s)
  step  6900/8000  loss 3.3825  cell-acc 0.219  (2636s)
  step  7000/8000  loss 3.2460  cell-acc 0.241  (2668s)
  step  7100/8000  loss 3.2180  cell-acc 0.224  (2700s)
  step  7200/8000  loss 3.2431  cell-acc 0.232  (2732s)
  step  7300/8000  loss 3.2989  cell-acc 0.215  (2765s)
  step  7400/8000  loss 3.0780  cell-acc 0.264  (2796s)
  step  7500/8000  loss 3.1266  cell-acc 0.266  (2829s)
  step  7600/8000  loss 3.1397  cell-acc 0.247  (2861s)
  step  7700/8000  loss 3.1658  cell-acc 0.246  (2893s)
  step  7800/8000  loss 3.0577  cell-acc 0.264  (2925s)
  step  7900/8000  loss 3.0942  cell-acc 0.258  (2956s)
  step  8000/8000  loss 3.0812  cell-acc 0.257  (2988s)
  saved cn7_ckpt_fp_fingerprint_s80.pt
== eval (random-sampled buckets, chance median ~395/790) ==
  seen_cell|seen_comp      top1 0.305  top5 0.495  med.rank   5/790  (n=200)
  seen_cell|novel_comp     top1 0.280  top5 0.520  med.rank   3/790  (n=200)
  novel_cell|seen_comp     top1 0.000  top5 0.005  med.rank 105/790  (n=200)  <- B9' signal
  novel_cell|novel_comp    top1 0.000  top5 0.062  med.rank 286/790  (n=48)
wrote cn7_fp_rebaseline_fingerprint_s80.json (3005s total)
== CN-7 fp re-baseline (arm fingerprint, seed 81) on mps, SP id space ==
  trainable params: 99,964,672
  train sequences: 40223 (from 40235 rows)
  step   100/8000  loss 6.3814  cell-acc 0.003  (35s)
  step   200/8000  loss 5.5325  cell-acc 0.014  (66s)
  step   300/8000  loss 5.3186  cell-acc 0.026  (95s)
  step   400/8000  loss 4.8514  cell-acc 0.050  (125s)
  step   500/8000  loss 4.6058  cell-acc 0.084  (155s)
  step   600/8000  loss 4.4164  cell-acc 0.107  (185s)
  step   700/8000  loss 4.3766  cell-acc 0.109  (216s)
  step   800/8000  loss 4.0877  cell-acc 0.148  (248s)
  step   900/8000  loss 3.9461  cell-acc 0.152  (280s)
  step  1000/8000  loss 4.0247  cell-acc 0.152  (313s)
  step  1100/8000  loss 3.9987  cell-acc 0.151  (346s)
  step  1200/8000  loss 4.0025  cell-acc 0.168  (378s)
  step  1300/8000  loss 3.7863  cell-acc 0.171  (411s)
  step  1400/8000  loss 4.0130  cell-acc 0.155  (443s)
  step  1500/8000  loss 3.8626  cell-acc 0.171  (474s)
  step  1600/8000  loss 3.8102  cell-acc 0.179  (505s)
  step  1700/8000  loss 3.6129  cell-acc 0.193  (540s)
  step  1800/8000  loss 3.5322  cell-acc 0.207  (573s)
  step  1900/8000  loss 3.4645  cell-acc 0.228  (604s)
  step  2000/8000  loss 3.5604  cell-acc 0.196  (637s)
  step  2100/8000  loss 3.7705  cell-acc 0.176  (669s)
  step  2200/8000  loss 3.7669  cell-acc 0.181  (703s)
  step  2300/8000  loss 3.5741  cell-acc 0.204  (736s)
  step  2400/8000  loss 3.6514  cell-acc 0.188  (768s)
  step  2500/8000  loss 3.6946  cell-acc 0.190  (802s)
  step  2600/8000  loss 3.9249  cell-acc 0.160  (836s)
  step  2700/8000  loss 3.9378  cell-acc 0.147  (870s)
  step  2800/8000  loss 3.6883  cell-acc 0.172  (904s)
  step  2900/8000  loss 3.5072  cell-acc 0.203  (938s)
  step  3000/8000  loss 3.4849  cell-acc 0.204  (977s)
  step  3100/8000  loss 3.4151  cell-acc 0.212  (1017s)
  step  3200/8000  loss 3.3117  cell-acc 0.226  (1060s)
  step  3300/8000  loss 3.2995  cell-acc 0.226  (1098s)
  step  3400/8000  loss 3.3312  cell-acc 0.234  (1136s)
  step  3500/8000  loss 4.0014  cell-acc 0.179  (1186s)
  step  3600/8000  loss 4.2731  cell-acc 0.133  (1243s)
  step  3700/8000  loss 3.4234  cell-acc 0.205  (1295s)
  step  3800/8000  loss 3.2405  cell-acc 0.247  (1339s)
  step  3900/8000  loss 3.3418  cell-acc 0.212  (1376s)
  step  4000/8000  loss 3.2152  cell-acc 0.244  (1410s)
  step  4100/8000  loss 3.2873  cell-acc 0.234  (1441s)
  step  4200/8000  loss 3.1746  cell-acc 0.239  (1483s)
  step  4300/8000  loss 3.1813  cell-acc 0.256  (1514s)
  step  4400/8000  loss 3.1561  cell-acc 0.251  (1542s)
  step  4500/8000  loss 3.2609  cell-acc 0.216  (1570s)
  step  4600/8000  loss 3.1589  cell-acc 0.242  (1599s)
  step  4700/8000  loss 3.1983  cell-acc 0.234  (1630s)
  step  4800/8000  loss 3.0969  cell-acc 0.255  (1677s)
  step  4900/8000  loss 3.1914  cell-acc 0.248  (1766s)
  step  5000/8000  loss 3.2457  cell-acc 0.242  (1874s)
  step  5100/8000  loss 3.0940  cell-acc 0.271  (1937s)
  step  5200/8000  loss 3.0188  cell-acc 0.276  (1984s)
  step  5300/8000  loss 3.0811  cell-acc 0.258  (2025s)
  step  5400/8000  loss 3.0595  cell-acc 0.269  (2062s)
  step  5500/8000  loss 3.0204  cell-acc 0.282  (2118s)
  step  5600/8000  loss 2.9737  cell-acc 0.269  (2178s)
  step  5700/8000  loss 2.9570  cell-acc 0.292  (2234s)
  step  5800/8000  loss 2.9585  cell-acc 0.284  (2294s)
  step  5900/8000  loss 3.0514  cell-acc 0.273  (2329s)
  step  6000/8000  loss 3.0416  cell-acc 0.285  (2366s)
  step  6100/8000  loss 2.9947  cell-acc 0.291  (2410s)
  step  6200/8000  loss 3.0325  cell-acc 0.267  (2466s)
  step  6300/8000  loss 2.9889  cell-acc 0.281  (2540s)
  step  6400/8000  loss 2.9356  cell-acc 0.301  (2605s)
  step  6500/8000  loss 2.8192  cell-acc 0.308  (2660s)
  step  6600/8000  loss 2.9128  cell-acc 0.294  (2719s)
  step  6700/8000  loss 2.9469  cell-acc 0.293  (2786s)
  step  6800/8000  loss 2.8808  cell-acc 0.300  (2846s)
  step  6900/8000  loss 2.8737  cell-acc 0.307  (2905s)
  step  7000/8000  loss 2.8376  cell-acc 0.312  (2948s)
  step  7100/8000  loss 2.8489  cell-acc 0.314  (2985s)
  step  7200/8000  loss 2.8872  cell-acc 0.305  (3020s)
  step  7300/8000  loss 2.8620  cell-acc 0.312  (3060s)
  step  7400/8000  loss 2.8720  cell-acc 0.316  (3103s)
  step  7500/8000  loss 2.8323  cell-acc 0.321  (3148s)
  step  7600/8000  loss 2.7959  cell-acc 0.340  (3199s)
  step  7700/8000  loss 2.7766  cell-acc 0.336  (3247s)
  step  7800/8000  loss 2.8465  cell-acc 0.329  (3301s)
  step  7900/8000  loss 2.8774  cell-acc 0.328  (3373s)
  step  8000/8000  loss 2.7682  cell-acc 0.342  (3436s)
  saved cn7_ckpt_fp_fingerprint_s81.pt
== eval (random-sampled buckets, chance median ~395/790) ==
  seen_cell|seen_comp      top1 0.360  top5 0.580  med.rank   3/790  (n=200)
  seen_cell|novel_comp     top1 0.455  top5 0.610  med.rank   2/790  (n=200)
  novel_cell|seen_comp     top1 0.015  top5 0.045  med.rank 108/790  (n=200)  <- B9' signal
  novel_cell|novel_comp    top1 0.000  top5 0.021  med.rank  71/790  (n=48)
wrote cn7_fp_rebaseline_fingerprint_s81.json (3464s total)
== CN-7 fp re-baseline (arm fingerprint, seed 82) on mps, SP id space ==
  trainable params: 99,964,672
  train sequences: 40223 (from 40235 rows)
  step   100/8000  loss 6.4889  cell-acc 0.004  (55s)
  step   200/8000  loss 5.6488  cell-acc 0.012  (90s)
  step   300/8000  loss 5.3983  cell-acc 0.019  (128s)
  step   400/8000  loss 5.2733  cell-acc 0.027  (165s)
  step   500/8000  loss 5.0287  cell-acc 0.045  (202s)
  step   600/8000  loss 4.8187  cell-acc 0.059  (245s)
  step   700/8000  loss 4.7363  cell-acc 0.078  (290s)
  step   800/8000  loss 4.7040  cell-acc 0.083  (336s)
  step   900/8000  loss 4.3787  cell-acc 0.113  (386s)
  step  1000/8000  loss 4.1011  cell-acc 0.142  (440s)
  step  1100/8000  loss 4.2479  cell-acc 0.123  (505s)
  step  1200/8000  loss 3.9905  cell-acc 0.142  (570s)
  step  1300/8000  loss 3.9989  cell-acc 0.159  (631s)
  step  1400/8000  loss 4.0377  cell-acc 0.134  (686s)
  step  1500/8000  loss 3.8479  cell-acc 0.174  (720s)
  step  1600/8000  loss 4.0062  cell-acc 0.155  (755s)
  step  1700/8000  loss 3.9637  cell-acc 0.155  (791s)
  step  1800/8000  loss 3.8610  cell-acc 0.165  (829s)
  step  1900/8000  loss 3.8643  cell-acc 0.168  (864s)
  step  2000/8000  loss 3.8294  cell-acc 0.179  (899s)
  step  2100/8000  loss 3.8522  cell-acc 0.172  (936s)
  step  2200/8000  loss 3.7015  cell-acc 0.184  (976s)
  step  2300/8000  loss 3.5452  cell-acc 0.200  (1020s)
  step  2400/8000  loss 3.5684  cell-acc 0.214  (1080s)
  step  2500/8000  loss 3.5700  cell-acc 0.200  (1133s)
  step  2600/8000  loss 3.4926  cell-acc 0.219  (1180s)
  step  2700/8000  loss 3.7024  cell-acc 0.186  (1226s)
  step  2800/8000  loss 3.5031  cell-acc 0.207  (1269s)
  step  2900/8000  loss 3.5172  cell-acc 0.211  (1309s)
  step  3000/8000  loss 3.4005  cell-acc 0.226  (1348s)
  step  3100/8000  loss 3.5065  cell-acc 0.207  (1388s)
  step  3200/8000  loss 3.6936  cell-acc 0.183  (1429s)
  step  3300/8000  loss 3.4649  cell-acc 0.217  (1471s)
  step  3400/8000  loss 3.4318  cell-acc 0.216  (1512s)
  step  3500/8000  loss 3.2732  cell-acc 0.236  (1554s)
  step  3600/8000  loss 3.3798  cell-acc 0.226  (1597s)
  step  3700/8000  loss 3.3532  cell-acc 0.233  (1643s)
  step  3800/8000  loss 3.3605  cell-acc 0.233  (1688s)
  step  3900/8000  loss 3.3269  cell-acc 0.231  (1732s)
  step  4000/8000  loss 3.1965  cell-acc 0.251  (1776s)
  step  4100/8000  loss 3.1104  cell-acc 0.259  (1821s)
  step  4200/8000  loss 3.2252  cell-acc 0.239  (1865s)
  step  4300/8000  loss 3.1089  cell-acc 0.263  (1909s)
  step  4400/8000  loss 3.3142  cell-acc 0.230  (1971s)
  step  4500/8000  loss 3.1930  cell-acc 0.246  (2056s)
  step  4600/8000  loss 3.1083  cell-acc 0.259  (2149s)
  step  4700/8000  loss 3.1764  cell-acc 0.240  (2231s)
  step  4800/8000  loss 3.1461  cell-acc 0.254  (2293s)
  step  4900/8000  loss 3.0753  cell-acc 0.274  (2349s)
  step  5000/8000  loss 3.0338  cell-acc 0.279  (2409s)
  step  5100/8000  loss 3.0398  cell-acc 0.253  (2464s)
  step  5200/8000  loss 2.9258  cell-acc 0.277  (2522s)
  step  5300/8000  loss 2.9742  cell-acc 0.278  (2562s)
  step  5400/8000  loss 2.9470  cell-acc 0.287  (2593s)
  step  5500/8000  loss 3.0401  cell-acc 0.268  (2624s)
  step  5600/8000  loss 3.1374  cell-acc 0.256  (2656s)
  step  5700/8000  loss 3.0844  cell-acc 0.270  (2692s)
  step  5800/8000  loss 2.9706  cell-acc 0.278  (2735s)
  step  5900/8000  loss 2.9018  cell-acc 0.287  (2778s)
  step  6000/8000  loss 3.0357  cell-acc 0.284  (2825s)
  step  6100/8000  loss 3.0155  cell-acc 0.278  (2871s)
  step  6200/8000  loss 2.9764  cell-acc 0.276  (2910s)
  step  6300/8000  loss 2.9061  cell-acc 0.296  (2948s)
  step  6400/8000  loss 2.8856  cell-acc 0.319  (2984s)
  step  6500/8000  loss 2.9160  cell-acc 0.283  (3019s)
  step  6600/8000  loss 2.8906  cell-acc 0.306  (3056s)
  step  6700/8000  loss 2.7924  cell-acc 0.319  (3097s)
  step  6800/8000  loss 2.8397  cell-acc 0.298  (3134s)
  step  6900/8000  loss 2.7611  cell-acc 0.328  (3175s)
  step  7000/8000  loss 2.8442  cell-acc 0.290  (3214s)
  step  7100/8000  loss 2.8724  cell-acc 0.296  (3249s)
  step  7200/8000  loss 2.8193  cell-acc 0.318  (3287s)
  step  7300/8000  loss 2.7510  cell-acc 0.337  (3322s)
  step  7400/8000  loss 2.7715  cell-acc 0.318  (3362s)
  step  7500/8000  loss 2.8674  cell-acc 0.314  (3400s)
  step  7600/8000  loss 2.8446  cell-acc 0.323  (3435s)
  step  7700/8000  loss 2.7346  cell-acc 0.329  (3469s)
  step  7800/8000  loss 2.7126  cell-acc 0.324  (3503s)
  step  7900/8000  loss 2.7820  cell-acc 0.324  (3538s)
  step  8000/8000  loss 2.7752  cell-acc 0.319  (3573s)
  saved cn7_ckpt_fp_fingerprint_s82.pt
== eval (random-sampled buckets, chance median ~395/790) ==
  seen_cell|seen_comp      top1 0.370  top5 0.585  med.rank   3/790  (n=200)
  seen_cell|novel_comp     top1 0.390  top5 0.590  med.rank   1/790  (n=200)
  novel_cell|seen_comp     top1 0.000  top5 0.000  med.rank  93/790  (n=200)  <- B9' signal
  novel_cell|novel_comp    top1 0.000  top5 0.000  med.rank 325/790  (n=48)
wrote cn7_fp_rebaseline_fingerprint_s82.json (3590s total)
