  fresh rows: 1421 (s1 skipped for tokenization drift or cmp: 216)
{
 "s1|answer": {
  "nll": 0.0512,
  "tokens": 1635
 },
 "s1|scaffold": {
  "nll": 0.8349,
  "tokens": 8059
 },
 "s1:add|answer": {
  "nll": 0.0118,
  "tokens": 495
 },
 "s1:min3|answer": {
  "nll": 0.0021,
  "tokens": 164
 },
 "s1:mod|answer": {
  "nll": 0.2744,
  "tokens": 152
 },
 "s1:mul|answer": {
  "nll": 0.1379,
  "tokens": 199
 },
 "s1:parity|answer": {
  "nll": 0.0006,
  "tokens": 76
 },
 "s1:sub|answer": {
  "nll": 0.0209,
  "tokens": 399
 },
 "s1:succ|answer": {
  "nll": 0.0002,
  "tokens": 150
 },
 "s2|call": {
  "nll": 0.0002,
  "tokens": 4040
 },
 "s2|injected": {
  "nll": 11.0112,
  "tokens": 1598
 },
 "s2|story": {
  "nll": 0.3197,
  "tokens": 21000
 },
 "s3|grammar": {
  "nll": 0.9566,
  "tokens": 28054
 },
 "s3|value_in_tier": {
  "nll": 0.7744,
  "tokens": 711
 },
 "s3|value_masked": {
  "nll": 4.3542,
  "tokens": 6590
 }
}
wrote cn7_species_nll_cn7_ckpt_midtrain.json (91s)
