== CN-7 fp re-baseline (arm fingerprint, seed 81) on mps, SP id space ==
  trainable params: 99,964,672
  train sequences: 40223 (from 40235 rows)
  step   100/8000  loss 6.2308  cell-acc 0.004  (35s)
  step   200/8000  loss 5.0199  cell-acc 0.031  (66s)
  step   300/8000  loss 4.5477  cell-acc 0.080  (99s)
  step   400/8000  loss 4.2122  cell-acc 0.117  (134s)
  step   500/8000  loss 3.9133  cell-acc 0.157  (169s)
  step   600/8000  loss 3.8365  cell-acc 0.169  (206s)
  step   700/8000  loss 3.6838  cell-acc 0.191  (246s)
  step   800/8000  loss 3.7949  cell-acc 0.171  (297s)
  step   900/8000  loss 3.9567  cell-acc 0.142  (381s)
  step  1000/8000  loss 3.4508  cell-acc 0.210  (453s)
  step  1100/8000  loss 3.3906  cell-acc 0.217  (504s)
  step  1200/8000  loss 4.1394  cell-acc 0.149  (547s)
  step  1300/8000  loss 3.6069  cell-acc 0.196  (586s)
  step  1400/8000  loss 3.4906  cell-acc 0.223  (623s)
  step  1500/8000  loss 3.7675  cell-acc 0.174  (659s)
  step  1600/8000  loss 3.4765  cell-acc 0.209  (687s)
  step  1700/8000  loss 3.5082  cell-acc 0.208  (716s)
  step  1800/8000  loss 3.2577  cell-acc 0.232  (744s)
  step  1900/8000  loss 3.0565  cell-acc 0.264  (773s)
  step  2000/8000  loss 3.0195  cell-acc 0.254  (802s)
  step  2100/8000  loss 3.2145  cell-acc 0.234  (832s)
  step  2200/8000  loss 3.6330  cell-acc 0.198  (864s)
  step  2300/8000  loss 3.0727  cell-acc 0.261  (899s)
  step  2400/8000  loss 2.9848  cell-acc 0.276  (939s)
  step  2500/8000  loss 3.0110  cell-acc 0.276  (983s)
  step  2600/8000  loss 2.8581  cell-acc 0.283  (1021s)
  step  2700/8000  loss 2.9234  cell-acc 0.273  (1057s)
  step  2800/8000  loss 2.9787  cell-acc 0.271  (1091s)
  step  2900/8000  loss 2.8828  cell-acc 0.295  (1124s)
  step  3000/8000  loss 2.8463  cell-acc 0.298  (1158s)
  step  3100/8000  loss 2.9959  cell-acc 0.276  (1190s)
  step  3200/8000  loss 3.5431  cell-acc 0.203  (1221s)
  step  3300/8000  loss 3.2080  cell-acc 0.229  (1252s)
  step  3400/8000  loss 3.2146  cell-acc 0.229  (1282s)
  step  3500/8000  loss 3.1392  cell-acc 0.248  (1314s)
  step  3600/8000  loss 3.1537  cell-acc 0.250  (1345s)
  step  3700/8000  loss 2.9018  cell-acc 0.268  (1376s)
  step  3800/8000  loss 2.8082  cell-acc 0.296  (1408s)
  step  3900/8000  loss 2.8547  cell-acc 0.279  (1440s)
  step  4000/8000  loss 2.7801  cell-acc 0.317  (1474s)
  step  4100/8000  loss 2.7289  cell-acc 0.320  (1508s)
  step  4200/8000  loss 2.7524  cell-acc 0.293  (1542s)
  step  4300/8000  loss 2.7854  cell-acc 0.322  (1576s)
  step  4400/8000  loss 2.7314  cell-acc 0.326  (1609s)
  step  4500/8000  loss 2.7777  cell-acc 0.311  (1641s)
  step  4600/8000  loss 2.7494  cell-acc 0.324  (1674s)
  step  4700/8000  loss 2.8880  cell-acc 0.307  (1705s)
  step  4800/8000  loss 4.4248  cell-acc 0.166  (1737s)
  step  4900/8000  loss 3.2722  cell-acc 0.223  (1769s)
  step  5000/8000  loss 2.9848  cell-acc 0.264  (1802s)
  step  5100/8000  loss 2.8918  cell-acc 0.290  (1835s)
  step  5200/8000  loss 2.8680  cell-acc 0.291  (1867s)
  step  5300/8000  loss 2.8704  cell-acc 0.307  (1899s)
  step  5400/8000  loss 2.8390  cell-acc 0.300  (1931s)
  step  5500/8000  loss 2.7646  cell-acc 0.318  (1964s)
  step  5600/8000  loss 2.7074  cell-acc 0.328  (1997s)
  step  5700/8000  loss 2.7035  cell-acc 0.354  (2031s)
  step  5800/8000  loss 2.6683  cell-acc 0.354  (2064s)
  step  5900/8000  loss 2.7682  cell-acc 0.328  (2098s)
  step  6000/8000  loss 2.7003  cell-acc 0.344  (2131s)
  step  6100/8000  loss 2.6377  cell-acc 0.367  (2163s)
  step  6200/8000  loss 2.5316  cell-acc 0.382  (2196s)
  step  6300/8000  loss 2.6635  cell-acc 0.357  (2230s)
  step  6400/8000  loss 2.5918  cell-acc 0.368  (2263s)
  step  6500/8000  loss 2.5256  cell-acc 0.388  (2296s)
  step  6600/8000  loss 2.5490  cell-acc 0.375  (2329s)
  step  6700/8000  loss 2.6380  cell-acc 0.357  (2361s)
  step  6800/8000  loss 2.5716  cell-acc 0.381  (2394s)
  step  6900/8000  loss 2.5543  cell-acc 0.373  (2427s)
  step  7000/8000  loss 2.5701  cell-acc 0.365  (2459s)
  step  7100/8000  loss 2.5818  cell-acc 0.367  (2492s)
  step  7200/8000  loss 2.6246  cell-acc 0.353  (2525s)
  step  7300/8000  loss 2.5558  cell-acc 0.384  (2558s)
  step  7400/8000  loss 2.5773  cell-acc 0.368  (2590s)
  step  7500/8000  loss 2.5586  cell-acc 0.370  (2624s)
  step  7600/8000  loss 2.4872  cell-acc 0.392  (2657s)
  step  7700/8000  loss 2.4637  cell-acc 0.388  (2691s)
  step  7800/8000  loss 2.5446  cell-acc 0.364  (2725s)
  step  7900/8000  loss 2.6087  cell-acc 0.355  (2758s)
  step  8000/8000  loss 2.4906  cell-acc 0.386  (2791s)
  saved cn7_ckpt_fp_fingerprint_midtrain_nomask_s81.pt
== eval (random-sampled buckets, chance median ~395/790) ==
  seen_cell|seen_comp      top1 0.415  top5 0.610  med.rank   2/790  (n=200)
  seen_cell|novel_comp     top1 0.475  top5 0.685  med.rank   1/790  (n=200)
  novel_cell|seen_comp     top1 0.000  top5 0.015  med.rank 108/790  (n=200)  <- B9' signal
  novel_cell|novel_comp    top1 0.000  top5 0.208  med.rank 637/790  (n=48)
wrote cn7_fp_rebaseline_fingerprint_midtrain_nomask_s81.json (2808s total)
